

================================================================
== Vitis HLS Report for 'mat_vec_mul'
================================================================
* Date:           Tue Dec 16 20:06:29 2025

* Version:        2025.1 (Build 6135595 on May 21 2025)
* Project:        solve_top
* Solution:       hls (Vivado IP Flow Target)
* Product family: zynq
* Target device:  xc7z020-clg484-1


================================================================
== Performance Estimates
================================================================
+ Timing: 
    * Summary: 
    +--------+----------+----------+------------+
    |  Clock |  Target  | Estimated| Uncertainty|
    +--------+----------+----------+------------+
    |ap_clk  |  10.00 ns|  7.657 ns|     2.00 ns|
    +--------+----------+----------+------------+

+ Latency: 
    * Summary: 
    +---------+---------+----------+----------+-----+-----+---------+
    |  Latency (cycles) |  Latency (absolute) |  Interval | Pipeline|
    |   min   |   max   |    min   |    max   | min | max |   Type  |
    +---------+---------+----------+----------+-----+-----+---------+
    |       27|       27|  0.270 us|  0.270 us|   27|   27|       no|
    +---------+---------+----------+----------+-----+-----+---------+

    + Detail: 
        * Instance: 
        +-------------------------------------------------+--------------------------------------+---------+---------+-----------+-----------+-----+-----+------------------------------------------------+
        |                                                 |                                      |  Latency (cycles) |   Latency (absolute)  |  Interval |                    Pipeline                    |
        |                     Instance                    |                Module                |   min   |   max   |    min    |    max    | min | max |                      Type                      |
        +-------------------------------------------------+--------------------------------------+---------+---------+-----------+-----------+-----+-----+------------------------------------------------+
        |grp_mat_vec_mul_Pipeline_VITIS_LOOP_24_1_fu_276  |mat_vec_mul_Pipeline_VITIS_LOOP_24_1  |        6|        6|  60.000 ns|  60.000 ns|    5|    5|  loop auto-rewind stp (delay=0 clock cycles(s))|
        |grp_mat_vec_mul_Pipeline_VITIS_LOOP_29_3_fu_328  |mat_vec_mul_Pipeline_VITIS_LOOP_29_3  |        6|        6|  60.000 ns|  60.000 ns|    5|    5|  loop auto-rewind stp (delay=0 clock cycles(s))|
        |grp_mat_vec_mul_Pipeline_VITIS_LOOP_40_5_fu_344  |mat_vec_mul_Pipeline_VITIS_LOOP_40_5  |       10|       10|   0.100 us|   0.100 us|    5|    5|  loop auto-rewind stp (delay=0 clock cycles(s))|
        |grp_mat_vec_mul_Pipeline_VITIS_LOOP_50_7_fu_372  |mat_vec_mul_Pipeline_VITIS_LOOP_50_7  |        6|        6|  60.000 ns|  60.000 ns|    5|    5|  loop auto-rewind stp (delay=0 clock cycles(s))|
        +-------------------------------------------------+--------------------------------------+---------+---------+-----------+-----------+-----+-----+------------------------------------------------+

        * Loop: 
        N/A



================================================================
== Utilization Estimates
================================================================
* Summary: 
+-----------------+---------+-----+--------+-------+-----+
|       Name      | BRAM_18K| DSP |   FF   |  LUT  | URAM|
+-----------------+---------+-----+--------+-------+-----+
|DSP              |        -|    -|       -|      -|    -|
|Expression       |        -|    -|       0|      2|    -|
|FIFO             |        -|    -|       -|      -|    -|
|Instance         |        -|    4|     999|   1164|    -|
|Memory           |        -|    -|       -|      -|    -|
|Multiplexer      |        -|    -|       0|     73|    -|
|Register         |        -|    -|      74|      -|    -|
+-----------------+---------+-----+--------+-------+-----+
|Total            |        0|    4|    1073|   1239|    0|
+-----------------+---------+-----+--------+-------+-----+
|Available        |      280|  220|  106400|  53200|    0|
+-----------------+---------+-----+--------+-------+-----+
|Utilization (%)  |        0|    1|       1|      2|    0|
+-----------------+---------+-----+--------+-------+-----+

+ Detail: 
    * Instance: 
    +-------------------------------------------------+--------------------------------------+---------+----+-----+-----+-----+
    |                     Instance                    |                Module                | BRAM_18K| DSP|  FF | LUT | URAM|
    +-------------------------------------------------+--------------------------------------+---------+----+-----+-----+-----+
    |grp_mat_vec_mul_Pipeline_VITIS_LOOP_24_1_fu_276  |mat_vec_mul_Pipeline_VITIS_LOOP_24_1  |        0|   0|  261|  131|    0|
    |grp_mat_vec_mul_Pipeline_VITIS_LOOP_29_3_fu_328  |mat_vec_mul_Pipeline_VITIS_LOOP_29_3  |        0|   0|   69|   71|    0|
    |grp_mat_vec_mul_Pipeline_VITIS_LOOP_40_5_fu_344  |mat_vec_mul_Pipeline_VITIS_LOOP_40_5  |        0|   4|  664|  891|    0|
    |grp_mat_vec_mul_Pipeline_VITIS_LOOP_50_7_fu_372  |mat_vec_mul_Pipeline_VITIS_LOOP_50_7  |        0|   0|    5|   71|    0|
    +-------------------------------------------------+--------------------------------------+---------+----+-----+-----+-----+
    |Total                                            |                                      |        0|   4|  999| 1164|    0|
    +-------------------------------------------------+--------------------------------------+---------+----+-----+-----+-----+

    * DSP: 
    N/A

    * Memory: 
    N/A

    * FIFO: 
    N/A

    * Expression: 
    +---------------------------------+----------+----+---+----+------------+------------+
    |          Variable Name          | Operation| DSP| FF| LUT| Bitwidth P0| Bitwidth P1|
    +---------------------------------+----------+----+---+----+------------+------------+
    |ap_block_state2_on_subcall_done  |        or|   0|  0|   2|           1|           1|
    +---------------------------------+----------+----+---+----+------------+------------+
    |Total                            |          |   0|  0|   2|           1|           1|
    +---------------------------------+----------+----+---+----+------------+------------+

    * Multiplexer: 
    +-----------+----+-----------+-----+-----------+
    |    Name   | LUT| Input Size| Bits| Total Bits|
    +-----------+----+-----------+-----+-----------+
    |ap_NS_fsm  |  37|          7|    1|          7|
    |res_0      |   9|          2|   16|         32|
    |res_1      |   9|          2|   16|         32|
    |res_2      |   9|          2|   16|         32|
    |res_3      |   9|          2|   16|         32|
    +-----------+----+-----------+-----+-----------+
    |Total      |  73|         15|   65|        135|
    +-----------+----+-----------+-----+-----------+

    * Register: 
    +--------------------------------------------------------------+----+----+-----+-----------+
    |                             Name                             | FF | LUT| Bits| Const Bits|
    +--------------------------------------------------------------+----+----+-----+-----------+
    |ap_CS_fsm                                                     |   6|   0|    6|          0|
    |grp_mat_vec_mul_Pipeline_VITIS_LOOP_24_1_fu_276_ap_start_reg  |   1|   0|    1|          0|
    |grp_mat_vec_mul_Pipeline_VITIS_LOOP_29_3_fu_328_ap_start_reg  |   1|   0|    1|          0|
    |grp_mat_vec_mul_Pipeline_VITIS_LOOP_40_5_fu_344_ap_start_reg  |   1|   0|    1|          0|
    |grp_mat_vec_mul_Pipeline_VITIS_LOOP_50_7_fu_372_ap_start_reg  |   1|   0|    1|          0|
    |res_0_reg                                                     |  16|   0|   16|          0|
    |res_1_reg                                                     |  16|   0|   16|          0|
    |res_2_reg                                                     |  16|   0|   16|          0|
    |res_3_reg                                                     |  16|   0|   16|          0|
    +--------------------------------------------------------------+----+----+-----+-----------+
    |Total                                                         |  74|   0|   74|          0|
    +--------------------------------------------------------------+----+----+-----+-----------+



================================================================
== Interface
================================================================
* Summary: 
+--------------+-----+-----+------------+--------------+--------------+
|   RTL Ports  | Dir | Bits|  Protocol  | Source Object|    C Type    |
+--------------+-----+-----+------------+--------------+--------------+
|ap_clk        |   in|    1|  ap_ctrl_hs|   mat_vec_mul|  return value|
|ap_rst        |   in|    1|  ap_ctrl_hs|   mat_vec_mul|  return value|
|ap_start      |   in|    1|  ap_ctrl_hs|   mat_vec_mul|  return value|
|ap_done       |  out|    1|  ap_ctrl_hs|   mat_vec_mul|  return value|
|ap_idle       |  out|    1|  ap_ctrl_hs|   mat_vec_mul|  return value|
|ap_ready      |  out|    1|  ap_ctrl_hs|   mat_vec_mul|  return value|
|p_read        |   in|   16|     ap_none|        p_read|        scalar|
|p_read1       |   in|   16|     ap_none|       p_read1|        scalar|
|p_read2       |   in|   16|     ap_none|       p_read2|        scalar|
|p_read3       |   in|   16|     ap_none|       p_read3|        scalar|
|p_read4       |   in|   16|     ap_none|       p_read4|        scalar|
|p_read5       |   in|   16|     ap_none|       p_read5|        scalar|
|p_read6       |   in|   16|     ap_none|       p_read6|        scalar|
|p_read7       |   in|   16|     ap_none|       p_read7|        scalar|
|p_read8       |   in|   16|     ap_none|       p_read8|        scalar|
|p_read9       |   in|   16|     ap_none|       p_read9|        scalar|
|p_read10      |   in|   16|     ap_none|      p_read10|        scalar|
|p_read11      |   in|   16|     ap_none|      p_read11|        scalar|
|p_read12      |   in|   16|     ap_none|      p_read12|        scalar|
|p_read13      |   in|   16|     ap_none|      p_read13|        scalar|
|p_read14      |   in|   16|     ap_none|      p_read14|        scalar|
|p_read15      |   in|   16|     ap_none|      p_read15|        scalar|
|vec_0_val     |   in|   16|     ap_none|     vec_0_val|        scalar|
|vec_1_val     |   in|   16|     ap_none|     vec_1_val|        scalar|
|vec_2_val     |   in|   16|     ap_none|     vec_2_val|        scalar|
|vec_3_val     |   in|   16|     ap_none|     vec_3_val|        scalar|
|res_0         |  out|   16|      ap_vld|         res_0|       pointer|
|res_0_ap_vld  |  out|    1|      ap_vld|         res_0|       pointer|
|res_1         |  out|   16|      ap_vld|         res_1|       pointer|
|res_1_ap_vld  |  out|    1|      ap_vld|         res_1|       pointer|
|res_2         |  out|   16|      ap_vld|         res_2|       pointer|
|res_2_ap_vld  |  out|    1|      ap_vld|         res_2|       pointer|
|res_3         |  out|   16|      ap_vld|         res_3|       pointer|
|res_3_ap_vld  |  out|    1|      ap_vld|         res_3|       pointer|
+--------------+-----+-----+------------+--------------+--------------+

