

================================================================
== Vitis HLS Report for 'mat_vec_mul_Pipeline_VITIS_LOOP_40_5'
================================================================
* Date:           Tue Dec 16 20:06:29 2025

* Version:        2025.1 (Build 6135595 on May 21 2025)
* Project:        solve_top
* Solution:       hls (Vivado IP Flow Target)
* Product family: zynq
* Target device:  xc7z020-clg484-1


================================================================
== Performance Estimates
================================================================
+ Timing: 
    * Summary: 
    +--------+----------+----------+------------+
    |  Clock |  Target  | Estimated| Uncertainty|
    +--------+----------+----------+------------+
    |ap_clk  |  10.00 ns|  7.657 ns|     2.00 ns|
    +--------+----------+----------+------------+

+ Latency: 
    * Summary: 
    +---------+---------+----------+----------+-----+-----+------------------------------------------------+
    |  Latency (cycles) |  Latency (absolute) |  Interval |                    Pipeline                    |
    |   min   |   max   |    min   |    max   | min | max |                      Type                      |
    +---------+---------+----------+----------+-----+-----+------------------------------------------------+
    |       10|       10|  0.100 us|  0.100 us|    5|    5|  loop auto-rewind stp (delay=0 clock cycles(s))|
    +---------+---------+----------+----------+-----+-----+------------------------------------------------+

    + Detail: 
        * Instance: 
        N/A

        * Loop: 
        +-------------------+---------+---------+----------+-----------+-----------+------+----------+
        |                   |  Latency (cycles) | Iteration|  Initiation Interval  | Trip |          |
        |     Loop Name     |   min   |   max   |  Latency |  achieved |   target  | Count| Pipelined|
        +-------------------+---------+---------+----------+-----------+-----------+------+----------+
        |- VITIS_LOOP_40_5  |        8|        8|         6|          1|          1|     4|       yes|
        +-------------------+---------+---------+----------+-----------+-----------+------+----------+



================================================================
== Utilization Estimates
================================================================
* Summary: 
+-----------------+---------+-----+--------+-------+-----+
|       Name      | BRAM_18K| DSP |   FF   |  LUT  | URAM|
+-----------------+---------+-----+--------+-------+-----+
|DSP              |        -|    -|       -|      -|    -|
|Expression       |        -|    -|       0|    651|    -|
|FIFO             |        -|    -|       -|      -|    -|
|Instance         |        -|    4|       0|    104|    -|
|Memory           |        -|    -|       -|      -|    -|
|Multiplexer      |        -|    -|       0|     72|    -|
|Register         |        -|    -|     664|     64|    -|
+-----------------+---------+-----+--------+-------+-----+
|Total            |        0|    4|     664|    891|    0|
+-----------------+---------+-----+--------+-------+-----+
|Available        |      280|  220|  106400|  53200|    0|
+-----------------+---------+-----+--------+-------+-----+
|Utilization (%)  |        0|    1|      ~0|      1|    0|
+-----------------+---------+-----+--------+-------+-----+

+ Detail: 
    * Instance: 
    +---------------------------+----------------------+---------+----+---+----+-----+
    |          Instance         |        Module        | BRAM_18K| DSP| FF| LUT| URAM|
    +---------------------------+----------------------+---------+----+---+----+-----+
    |mul_16s_16s_32_1_1_U367    |mul_16s_16s_32_1_1    |        0|   1|  0|   6|    0|
    |mul_16s_16s_32_1_1_U369    |mul_16s_16s_32_1_1    |        0|   1|  0|   6|    0|
    |mul_16s_16s_32_1_1_U371    |mul_16s_16s_32_1_1    |        0|   1|  0|   6|    0|
    |mul_16s_16s_32_1_1_U373    |mul_16s_16s_32_1_1    |        0|   1|  0|   6|    0|
    |sparsemux_9_2_16_1_1_U366  |sparsemux_9_2_16_1_1  |        0|   0|  0|  20|    0|
    |sparsemux_9_2_16_1_1_U368  |sparsemux_9_2_16_1_1  |        0|   0|  0|  20|    0|
    |sparsemux_9_2_16_1_1_U370  |sparsemux_9_2_16_1_1  |        0|   0|  0|  20|    0|
    |sparsemux_9_2_16_1_1_U372  |sparsemux_9_2_16_1_1  |        0|   0|  0|  20|    0|
    +---------------------------+----------------------+---------+----+---+----+-----+
    |Total                      |                      |        0|   4|  0| 104|    0|
    +---------------------------+----------------------+---------+----+---+----+-----+

    * DSP: 
    N/A

    * Memory: 
    N/A

    * FIFO: 
    N/A

    * Expression: 
    +----------------------------+----------+----+---+----+------------+------------+
    |        Variable Name       | Operation| DSP| FF| LUT| Bitwidth P0| Bitwidth P1|
    +----------------------------+----------+----+---+----+------------+------------+
    |add_ln40_fu_346_p2          |         +|   0|  0|  11|           3|           1|
    |add_ln44_114_fu_897_p2      |         +|   0|  0|  39|          32|          32|
    |add_ln44_116_fu_1142_p2     |         +|   0|  0|  39|          32|          32|
    |add_ln44_fu_652_p2          |         +|   0|  0|  39|          32|          32|
    |sum_1_fu_433_p2             |         +|   0|  0|  23|          16|          16|
    |sum_3_fu_678_p2             |         +|   0|  0|  23|          16|          16|
    |sum_5_fu_923_p2             |         +|   0|  0|  23|          16|          16|
    |sum_7_fu_1213_p2            |         +|   0|  0|  23|          16|          16|
    |and_ln44_160_fu_558_p2      |       and|   0|  0|   2|           1|           1|
    |and_ln44_161_fu_570_p2      |       and|   0|  0|   2|           1|           1|
    |and_ln44_163_fu_591_p2      |       and|   0|  0|   2|           1|           1|
    |and_ln44_164_fu_597_p2      |       and|   0|  0|   2|           1|           1|
    |and_ln44_165_fu_614_p2      |       and|   0|  0|   2|           1|           1|
    |and_ln44_166_fu_778_p2      |       and|   0|  0|   2|           1|           1|
    |and_ln44_167_fu_803_p2      |       and|   0|  0|   2|           1|           1|
    |and_ln44_168_fu_815_p2      |       and|   0|  0|   2|           1|           1|
    |and_ln44_170_fu_836_p2      |       and|   0|  0|   2|           1|           1|
    |and_ln44_171_fu_842_p2      |       and|   0|  0|   2|           1|           1|
    |and_ln44_172_fu_859_p2      |       and|   0|  0|   2|           1|           1|
    |and_ln44_173_fu_1023_p2     |       and|   0|  0|   2|           1|           1|
    |and_ln44_174_fu_1048_p2     |       and|   0|  0|   2|           1|           1|
    |and_ln44_175_fu_1060_p2     |       and|   0|  0|   2|           1|           1|
    |and_ln44_177_fu_1081_p2     |       and|   0|  0|   2|           1|           1|
    |and_ln44_178_fu_1087_p2     |       and|   0|  0|   2|           1|           1|
    |and_ln44_179_fu_1104_p2     |       and|   0|  0|   2|           1|           1|
    |and_ln44_180_fu_1232_p2     |       and|   0|  0|   2|           1|           1|
    |and_ln44_181_fu_1257_p2     |       and|   0|  0|   2|           1|           1|
    |and_ln44_182_fu_1269_p2     |       and|   0|  0|   2|           1|           1|
    |and_ln44_184_fu_1291_p2     |       and|   0|  0|   2|           1|           1|
    |and_ln44_185_fu_1297_p2     |       and|   0|  0|   2|           1|           1|
    |and_ln44_186_fu_1315_p2     |       and|   0|  0|   2|           1|           1|
    |and_ln44_fu_533_p2          |       and|   0|  0|   2|           1|           1|
    |icmp_ln40_fu_340_p2         |      icmp|   0|  0|  13|           3|           4|
    |icmp_ln44_240_fu_473_p2     |      icmp|   0|  0|  13|           5|           2|
    |icmp_ln44_241_fu_479_p2     |      icmp|   0|  0|  13|           5|           1|
    |icmp_ln44_242_fu_702_p2     |      icmp|   0|  0|  13|           4|           2|
    |icmp_ln44_243_fu_718_p2     |      icmp|   0|  0|  13|           5|           2|
    |icmp_ln44_244_fu_724_p2     |      icmp|   0|  0|  13|           5|           1|
    |icmp_ln44_245_fu_947_p2     |      icmp|   0|  0|  13|           4|           2|
    |icmp_ln44_246_fu_963_p2     |      icmp|   0|  0|  13|           5|           2|
    |icmp_ln44_247_fu_969_p2     |      icmp|   0|  0|  13|           5|           1|
    |icmp_ln44_248_fu_1175_p2    |      icmp|   0|  0|  13|           4|           2|
    |icmp_ln44_249_fu_1191_p2    |      icmp|   0|  0|  13|           5|           2|
    |icmp_ln44_250_fu_1197_p2    |      icmp|   0|  0|  13|           5|           1|
    |icmp_ln44_fu_457_p2         |      icmp|   0|  0|  13|           4|           2|
    |or_ln44_64_fu_619_p2        |        or|   0|  0|   2|           1|           1|
    |or_ln44_65_fu_826_p2        |        or|   0|  0|   2|           1|           1|
    |or_ln44_66_fu_864_p2        |        or|   0|  0|   2|           1|           1|
    |or_ln44_67_fu_1071_p2       |        or|   0|  0|   2|           1|           1|
    |or_ln44_68_fu_1109_p2       |        or|   0|  0|   2|           1|           1|
    |or_ln44_69_fu_1280_p2       |        or|   0|  0|   2|           1|           1|
    |or_ln44_70_fu_1328_p2       |        or|   0|  0|   2|           1|           1|
    |or_ln44_71_fu_602_p2        |        or|   0|  0|   2|           1|           1|
    |or_ln44_72_fu_847_p2        |        or|   0|  0|   2|           1|           1|
    |or_ln44_73_fu_1092_p2       |        or|   0|  0|   2|           1|           1|
    |or_ln44_74_fu_1303_p2       |        or|   0|  0|   2|           1|           1|
    |or_ln44_fu_581_p2           |        or|   0|  0|   2|           1|           1|
    |select_ln44_100_fu_808_p3   |    select|   0|  0|   2|           1|           1|
    |select_ln44_103_fu_1036_p3  |    select|   0|  0|   2|           1|           1|
    |select_ln44_104_fu_1053_p3  |    select|   0|  0|   2|           1|           1|
    |select_ln44_107_fu_1245_p3  |    select|   0|  0|   2|           1|           1|
    |select_ln44_108_fu_1262_p3  |    select|   0|  0|   2|           1|           1|
    |select_ln44_109_fu_1320_p3  |    select|   0|  0|  17|           1|          15|
    |select_ln44_112_fu_625_p3   |    select|   0|  0|  17|           1|          15|
    |select_ln44_113_fu_633_p3   |    select|   0|  0|  16|           1|          16|
    |select_ln44_114_fu_870_p3   |    select|   0|  0|  17|           1|          15|
    |select_ln44_115_fu_878_p3   |    select|   0|  0|  16|           1|          16|
    |select_ln44_116_fu_1115_p3  |    select|   0|  0|  17|           1|          15|
    |select_ln44_117_fu_1123_p3  |    select|   0|  0|  16|           1|          16|
    |select_ln44_96_fu_563_p3    |    select|   0|  0|   2|           1|           1|
    |select_ln44_99_fu_791_p3    |    select|   0|  0|   2|           1|           1|
    |select_ln44_fu_546_p3       |    select|   0|  0|   2|           1|           1|
    |sum_9_fu_1334_p3            |    select|   0|  0|  16|           1|          16|
    |ap_enable_pp0               |       xor|   0|  0|   2|           1|           2|
    |xor_ln44_128_fu_552_p2      |       xor|   0|  0|   2|           1|           2|
    |xor_ln44_130_fu_575_p2      |       xor|   0|  0|   2|           1|           2|
    |xor_ln44_131_fu_586_p2      |       xor|   0|  0|   2|           1|           2|
    |xor_ln44_133_fu_773_p2      |       xor|   0|  0|   2|           1|           2|
    |xor_ln44_134_fu_797_p2      |       xor|   0|  0|   2|           1|           2|
    |xor_ln44_136_fu_820_p2      |       xor|   0|  0|   2|           1|           2|
    |xor_ln44_137_fu_831_p2      |       xor|   0|  0|   2|           1|           2|
    |xor_ln44_139_fu_1018_p2     |       xor|   0|  0|   2|           1|           2|
    |xor_ln44_140_fu_1042_p2     |       xor|   0|  0|   2|           1|           2|
    |xor_ln44_142_fu_1065_p2     |       xor|   0|  0|   2|           1|           2|
    |xor_ln44_143_fu_1076_p2     |       xor|   0|  0|   2|           1|           2|
    |xor_ln44_144_fu_608_p2      |       xor|   0|  0|   2|           1|           2|
    |xor_ln44_145_fu_1226_p2     |       xor|   0|  0|   2|           1|           2|
    |xor_ln44_146_fu_1251_p2     |       xor|   0|  0|   2|           1|           2|
    |xor_ln44_147_fu_853_p2      |       xor|   0|  0|   2|           1|           2|
    |xor_ln44_148_fu_1274_p2     |       xor|   0|  0|   2|           1|           2|
    |xor_ln44_149_fu_1286_p2     |       xor|   0|  0|   2|           1|           2|
    |xor_ln44_150_fu_1098_p2     |       xor|   0|  0|   2|           1|           2|
    |xor_ln44_151_fu_1309_p2     |       xor|   0|  0|   2|           1|           2|
    |xor_ln44_fu_528_p2          |       xor|   0|  0|   2|           1|           2|
    +----------------------------+----------+----+---+----+------------+------------+
    |Total                       |          |   0|  0| 651|         295|         395|
    +----------------------------+----------+----+---+----+------------+------------+

    * Multiplexer: 
    +-------------------------+----+-----------+-----+-----------+
    |           Name          | LUT| Input Size| Bits| Total Bits|
    +-------------------------+----+-----------+-----+-----------+
    |ap_done_int              |   9|          2|    1|          2|
    |ap_enable_reg_pp0_iter1  |   9|          2|    1|          2|
    |ap_sig_allocacmp_i       |   9|          2|    3|          6|
    |i_3_fu_128               |   9|          2|    3|          6|
    |res_local_1_fu_136       |   9|          2|   16|         32|
    |res_local_2_fu_140       |   9|          2|   16|         32|
    |res_local_3_fu_144       |   9|          2|   16|         32|
    |res_local_fu_132         |   9|          2|   16|         32|
    +-------------------------+----+-----------+-----+-----------+
    |Total                    |  72|         16|   72|        144|
    +-------------------------+----+-----------+-----+-----------+

    * Register: 
    +----------------------------------+----+----+-----+-----------+
    |               Name               | FF | LUT| Bits| Const Bits|
    +----------------------------------+----+----+-----+-----------+
    |add_ln44_114_reg_1611             |  32|   0|   32|          0|
    |add_ln44_116_reg_1662             |  32|   0|   32|          0|
    |add_ln44_reg_1560                 |  32|   0|   32|          0|
    |ap_CS_fsm                         |   1|   0|    1|          0|
    |ap_done_reg                       |   1|   0|    1|          0|
    |ap_enable_reg_pp0_iter1           |   1|   0|    1|          0|
    |ap_enable_reg_pp0_iter2           |   1|   0|    1|          0|
    |ap_enable_reg_pp0_iter3           |   1|   0|    1|          0|
    |ap_enable_reg_pp0_iter4           |   1|   0|    1|          0|
    |ap_enable_reg_pp0_iter5           |   1|   0|    1|          0|
    |ap_loop_exit_ready_pp0_iter1_reg  |   1|   0|    1|          0|
    |ap_loop_exit_ready_pp0_iter2_reg  |   1|   0|    1|          0|
    |ap_loop_exit_ready_pp0_iter3_reg  |   1|   0|    1|          0|
    |ap_loop_exit_ready_pp0_iter4_reg  |   1|   0|    1|          0|
    |conv7_i_1_cast_reg_1483           |  32|   0|   32|          0|
    |conv7_i_2_cast_reg_1478           |  32|   0|   32|          0|
    |conv7_i_3_cast_reg_1473           |  32|   0|   32|          0|
    |conv7_i_cast_reg_1488             |  32|   0|   32|          0|
    |i_3_fu_128                        |   3|   0|    3|          0|
    |icmp_ln40_reg_1493                |   1|   0|    1|          0|
    |icmp_ln44_240_reg_1538            |   1|   0|    1|          0|
    |icmp_ln44_241_reg_1545            |   1|   0|    1|          0|
    |icmp_ln44_242_reg_1584            |   1|   0|    1|          0|
    |icmp_ln44_243_reg_1589            |   1|   0|    1|          0|
    |icmp_ln44_244_reg_1596            |   1|   0|    1|          0|
    |icmp_ln44_245_reg_1635            |   1|   0|    1|          0|
    |icmp_ln44_246_reg_1640            |   1|   0|    1|          0|
    |icmp_ln44_247_reg_1647            |   1|   0|    1|          0|
    |icmp_ln44_248_reg_1679            |   1|   0|    1|          0|
    |icmp_ln44_249_reg_1684            |   1|   0|    1|          0|
    |icmp_ln44_250_reg_1691            |   1|   0|    1|          0|
    |icmp_ln44_reg_1533                |   1|   0|    1|          0|
    |mul_ln44_1_reg_1550               |  32|   0|   32|          0|
    |mul_ln44_2_reg_1601               |  32|   0|   32|          0|
    |mul_ln44_3_reg_1652               |  32|   0|   32|          0|
    |mul_ln44_reg_1509                 |  32|   0|   32|          0|
    |res_local_1_fu_136                |  16|   0|   16|          0|
    |res_local_2_fu_140                |  16|   0|   16|          0|
    |res_local_3_fu_144                |  16|   0|   16|          0|
    |res_local_fu_132                  |  16|   0|   16|          0|
    |sum_1_reg_1521                    |  16|   0|   16|          0|
    |sum_3_reg_1572                    |  16|   0|   16|          0|
    |sum_5_reg_1623                    |  16|   0|   16|          0|
    |sum_6_reg_1674                    |  16|   0|   16|          0|
    |tmp_209_reg_1515                  |   1|   0|    1|          0|
    |tmp_212_reg_1526                  |   1|   0|    1|          0|
    |tmp_214_reg_1566                  |   1|   0|    1|          0|
    |tmp_215_reg_1555                  |   1|   0|    1|          0|
    |tmp_217_reg_1577                  |   1|   0|    1|          0|
    |tmp_219_reg_1617                  |   1|   0|    1|          0|
    |tmp_220_reg_1606                  |   1|   0|    1|          0|
    |tmp_222_reg_1628                  |   1|   0|    1|          0|
    |tmp_224_reg_1668                  |   1|   0|    1|          0|
    |tmp_225_reg_1657                  |   1|   0|    1|          0|
    |tmp_225_reg_1657_pp0_iter4_reg    |   1|   0|    1|          0|
    |tmp_reg_1504                      |  16|   0|   16|          0|
    |trunc_ln40_reg_1497               |   2|   0|    2|          0|
    |icmp_ln40_reg_1493                |  64|  32|    1|          0|
    |trunc_ln40_reg_1497               |  64|  32|    2|          0|
    +----------------------------------+----+----+-----+-----------+
    |Total                             | 664|  64|  539|          0|
    +----------------------------------+----+----+-----+-----------+



================================================================
== Interface
================================================================
* Summary: 
+--------------------------+-----+-----+------------+--------------------------------------+--------------+
|         RTL Ports        | Dir | Bits|  Protocol  |             Source Object            |    C Type    |
+--------------------------+-----+-----+------------+--------------------------------------+--------------+
|ap_clk                    |   in|    1|  ap_ctrl_hs|  mat_vec_mul_Pipeline_VITIS_LOOP_40_5|  return value|
|ap_rst                    |   in|    1|  ap_ctrl_hs|  mat_vec_mul_Pipeline_VITIS_LOOP_40_5|  return value|
|ap_start                  |   in|    1|  ap_ctrl_hs|  mat_vec_mul_Pipeline_VITIS_LOOP_40_5|  return value|
|ap_done                   |  out|    1|  ap_ctrl_hs|  mat_vec_mul_Pipeline_VITIS_LOOP_40_5|  return value|
|ap_idle                   |  out|    1|  ap_ctrl_hs|  mat_vec_mul_Pipeline_VITIS_LOOP_40_5|  return value|
|ap_ready                  |  out|    1|  ap_ctrl_hs|  mat_vec_mul_Pipeline_VITIS_LOOP_40_5|  return value|
|mat_local_load_reload     |   in|   16|     ap_none|                 mat_local_load_reload|        scalar|
|mat_local_1_load_reload   |   in|   16|     ap_none|               mat_local_1_load_reload|        scalar|
|mat_local_2_load_reload   |   in|   16|     ap_none|               mat_local_2_load_reload|        scalar|
|mat_local_3_load_reload   |   in|   16|     ap_none|               mat_local_3_load_reload|        scalar|
|conv7_i                   |   in|   16|     ap_none|                               conv7_i|        scalar|
|mat_local_4_load_reload   |   in|   16|     ap_none|               mat_local_4_load_reload|        scalar|
|mat_local_5_load_reload   |   in|   16|     ap_none|               mat_local_5_load_reload|        scalar|
|mat_local_6_load_reload   |   in|   16|     ap_none|               mat_local_6_load_reload|        scalar|
|mat_local_7_load_reload   |   in|   16|     ap_none|               mat_local_7_load_reload|        scalar|
|conv7_i_1                 |   in|   16|     ap_none|                             conv7_i_1|        scalar|
|mat_local_8_load_reload   |   in|   16|     ap_none|               mat_local_8_load_reload|        scalar|
|mat_local_9_load_reload   |   in|   16|     ap_none|               mat_local_9_load_reload|        scalar|
|mat_local_10_load_reload  |   in|   16|     ap_none|              mat_local_10_load_reload|        scalar|
|mat_local_11_load_reload  |   in|   16|     ap_none|              mat_local_11_load_reload|        scalar|
|conv7_i_2                 |   in|   16|     ap_none|                             conv7_i_2|        scalar|
|mat_local_12_load_reload  |   in|   16|     ap_none|              mat_local_12_load_reload|        scalar|
|mat_local_13_load_reload  |   in|   16|     ap_none|              mat_local_13_load_reload|        scalar|
|mat_local_14_load_reload  |   in|   16|     ap_none|              mat_local_14_load_reload|        scalar|
|mat_local_15_load_reload  |   in|   16|     ap_none|              mat_local_15_load_reload|        scalar|
|conv7_i_3                 |   in|   16|     ap_none|                             conv7_i_3|        scalar|
|res_local_3_out           |  out|   16|      ap_vld|                       res_local_3_out|       pointer|
|res_local_3_out_ap_vld    |  out|    1|      ap_vld|                       res_local_3_out|       pointer|
|res_local_2_out           |  out|   16|      ap_vld|                       res_local_2_out|       pointer|
|res_local_2_out_ap_vld    |  out|    1|      ap_vld|                       res_local_2_out|       pointer|
|res_local_1_out           |  out|   16|      ap_vld|                       res_local_1_out|       pointer|
|res_local_1_out_ap_vld    |  out|    1|      ap_vld|                       res_local_1_out|       pointer|
|res_local_out             |  out|   16|      ap_vld|                         res_local_out|       pointer|
|res_local_out_ap_vld      |  out|    1|      ap_vld|                         res_local_out|       pointer|
+--------------------------+-----+-----+------------+--------------------------------------+--------------+

